Component: ARM Compiler 5.05 (build 41) Tool: armlink [4d0eb9]

==============================================================================

Section Cross References

    cpu.o(.text) refers to interrupts_lib.o(.text) for disable_interrupts
    cpu.o(.text) refers to s3c24x0_interrupts.o(.text) for reset_cpu
    start.o(start) refers to boot_init.o(.text) for clock_init
    start.o(start) refers to board.o(.text) for start_armboot
    speed.o(.text) refers to board.o(.text) for hang
    speed.o(.text) refers to aeabi_sdiv.o(.text_udiv) for __aeabi_uidivmod
    speed.o(.text) refers to board.o(.data) for gd
    s3c24x0_interrupts.o(.text) refers to speed.o(.text) for get_PCLK
    s3c24x0_interrupts.o(.text) refers to aeabi_sdiv.o(.text_udiv) for __aeabi_uidivmod
    s3c24x0_interrupts.o(.text) refers to s3c24x0_interrupts.o(.data) for timer_load_val
    s3c24x0_serial.o(.text) refers to speed.o(.text) for get_PCLK
    s3c24x0_serial.o(.text) refers to aeabi_sdiv.o(.text_udiv) for __aeabi_uidivmod
    s3c24x0_serial.o(.text) refers to board.o(.data) for gd
    s3c24x0_serial.o(.text) refers to s3c24x0_serial.o(.data) for getc_errno
    boot_init.o(.text) refers to boot_init.o(.emb_text) for __asm___11_boot_init_c_df48103e__delay
    boot_init.o(.text) refers to boot_init.o(.data) for b128MB
    tq2440.o(.text) refers to cpu.o(.text) for icache_enable
    tq2440.o(.text) refers to board.o(.data) for gd
    tq2440_flash.o(.text) refers to rt_memclr_w.o(.text) for __aeabi_memclr4
    tq2440_flash.o(.text) refers to vsprintf.o(.text) for panic
    tq2440_flash.o(.text) refers to flash.o(.text) for flash_protect
    tq2440_flash.o(.text) refers to console.o(.text) for printf
    tq2440_flash.o(.text) refers to aeabi_sdiv.o(.text) for __aeabi_idivmod
    tq2440_flash.o(.text) refers to tq2440_flash.o(.bss) for flash_info
    tq2440_flash.o(.text) refers to board.o(.data) for monitor_flash_len
    tq2440_flash.o(.text) refers to cpu.o(.text) for icache_status
    tq2440_flash.o(.text) refers to interrupts_lib.o(.text) for disable_interrupts
    tq2440_flash.o(.text) refers to s3c24x0_interrupts.o(.text) for reset_timer_masked
    crc32.o(.text) refers to crc32.o(.constdata) for crc_table
    display_options.o(.text) refers to console.o(.text) for printf
    display_options.o(.text) refers to aeabi_sdiv.o(.text_udiv) for __aeabi_uidivmod
    display_options.o(.text) refers to board.o(.constdata) for version_string
    display_options.o(.text) refers to ctype.o(.data) for _ctype
    div64.o(.text) refers to aeabi_sdiv.o(.text_udiv) for __aeabi_uidivmod
    lmb.o(.text) refers to console.o(.text) for printf
    string.o(.text) refers to h1_alloc.o(.text) for malloc
    string.o(.text) refers to string.o(.data) for ___strtok
    vsprintf.o(.text) refers to aeabi_sdiv.o(.text_udiv) for __aeabi_uidivmod
    vsprintf.o(.text) refers to ctype.o(.data) for _ctype
    vsprintf.o(.text) refers to string.o(.text) for strnlen
    vsprintf.o(.text) refers to c89vsprintf.o(.text) for __c89vsprintf
    vsprintf.o(.text) refers to console.o(.text) for vprintf
    vsprintf.o(.text) refers to s3c24x0_interrupts.o(.text) for udelay
    vsprintf.o(.text) refers to cpu.o(.text) for do_reset
    zlib.o(.text) refers to aeabi_sdiv.o(.text_udiv) for __aeabi_uidivmod
    zlib.o(.text) refers to rt_memcpy.o(.text) for __aeabi_memcpy
    zlib.o(.text) refers to zlib.o(.data) for inflate_mask
    zlib.o(.text) refers to zlib.o(.bss) for fixed_mem
    zlib.o(.data) refers to zlib.o(.conststring) for .conststring
    board.o(.text) refers to rt_memclr.o(.text) for __aeabi_memclr
    board.o(.text) refers to init_alloc.o(.text) for _init_alloc
    board.o(.text) refers to cmd_nvedit.o(.text) for getenv_r
    board.o(.text) refers to vsprintf.o(.text) for simple_strtoul
    board.o(.text) refers to console.o(.text) for printf
    board.o(.text) refers to display_options.o(.text) for print_size
    board.o(.text) refers to rt_memclr_w.o(.text) for __aeabi_memclr4
    board.o(.text) refers to tq2440_flash.o(.text) for flash_init
    board.o(.text) refers to env_common.o(.text) for env_relocate
    board.o(.text) refers to net.o(.text) for getenv_IPaddr
    board.o(.text) refers to devices.o(.text) for devices_init
    board.o(.text) refers to exports.o(.text) for jumptable_init
    board.o(.text) refers to interrupts_lib.o(.text) for enable_interrupts
    board.o(.text) refers to eth.o(.text) for eth_initialize
    board.o(.text) refers to main.o(.text) for main_loop
    board.o(.text) refers to board.o(.data) for mem_malloc_start
    board.o(.text) refers to board.o(.constdata) for version_string
    board.o(.text) refers to start.o(start) for _armboot_start
    board.o(.text) refers to cmd_bootm.o(.data) for load_addr
    board.o(.text) refers to net.o(.bss) for BootFile
    board.o(.data) refers to cpu.o(.text) for cpu_init
    board.o(.data) refers to tq2440.o(.text) for board_init
[...]
    .u_boot_cmd                              0x33d1832c   Section       96  cmd_nvedit.o(.u_boot_cmd)
    .u_boot_cmd                              0x33d1838c   Section       96  command.o(.u_boot_cmd)
    .u_boot_cmd                              0x33d183ec   Section       72  cmd_flash.o(.u_boot_cmd)
    .u_boot_cmd                              0x33d18434   Section       24  cmd_boot_zimage.o(.u_boot_cmd)
    .bss                                     0x33d1844c   Section      108  tq2440_flash.o(.bss)
    .bss                                     0x33d184b8   Section     4240  zlib.o(.bss)
    fixed_mem                                0x33d184b8   Data        4240  zlib.o(.bss)
    .bss                                     0x33d19548   Section       80  cmd_bootm.o(.bss)
    images                                   0x33d19548   Data          80  cmd_bootm.o(.bss)
    .bss                                     0x33d19598   Section       12  devices.o(.bss)
    .bss                                     0x33d195a4   Section      512  main.o(.bss)
    lastcommand                              0x33d196a4   Data         256  main.o(.bss)
    .bss                                     0x33d197a4   Section     9552  net.o(.bss)
    .bss                                     0x33d1bcf4   Section      141  tftp.o(.bss)
    default_filename                         0x33d1bcf4   Data          13  tftp.o(.bss)
    tftp_filename                            0x33d1bd01   Data         128  tftp.o(.bss)
    .bss                                     0x33d1bd81   Section     2176  nfs.o(.bss)
    dirfh                                    0x33d1bd81   Data          32  nfs.o(.bss)
    filefh                                   0x33d1bda1   Data          32  nfs.o(.bss)
    default_filename                         0x33d1bdc1   Data          64  nfs.o(.bss)
    nfs_path_buff                            0x33d1be01   Data        2048  nfs.o(.bss)
    .bss                                     0x33d1c604   Section      172  dm9000x.o(.bss)
    dm9000_info                              0x33d1c604   Data         172  dm9000x.o(.bss)
    .bss                                     0x33d1c6b0   Section        4  rt_heap_descriptor.o(.bss)
    __rt_heap_descriptor_data                0x33d1c6b0   Data           4  rt_heap_descriptor.o(.bss)
    .bss                                     0x33d1c6b4   Section       20  rt_locale.o(.bss)
    __rt_locale_data                         0x33d1c6b4   Data          20  rt_locale.o(.bss)

    Global Symbols

    Symbol Name                              Value     Ov Type        Size  Object(Section)

    BuildAttributes$$THM_ISAv1$ARM_ISAv4$S$PE$A:L22$X:L11$S22$IEEE1$IW$USESV6$~STKCKD$USESV7$~SHL$OTIME$ROPI$IEEEJ$EBA8$STANDARDLIB$REQ8$PRES8$EABIv2 0x00000000   Number         0  anon$$obj.o ABSOLUTE
    _printf_flags                            0x00000000   Number         0  printf_stubs.o ABSOLUTE
    _printf_return_value                     0x00000000   Number         0  printf_stubs.o ABSOLUTE
    _printf_sizespec                         0x00000000   Number         0  printf_stubs.o ABSOLUTE
    _printf_widthprec                        0x00000000   Number         0  printf_stubs.o ABSOLUTE
    __ARM_exceptions_init                     - Undefined Weak Reference
    __alloca_initialize                       - Undefined Weak Reference
    __arm_preinit_                            - Undefined Weak Reference
    __cpp_initialize__aeabi_                  - Undefined Weak Reference
    __cxa_finalize                            - Undefined Weak Reference
    __sigvec_lookup                           - Undefined Weak Reference
    __user_heap_extent                        - Undefined Weak Reference
    _atexit_init                              - Undefined Weak Reference
    _clock_init                               - Undefined Weak Reference
    _fp_trap_init                             - Undefined Weak Reference
    _fp_trap_shutdown                         - Undefined Weak Reference
    _get_lc_collate                           - Undefined Weak Reference
    _get_lc_monetary                          - Undefined Weak Reference
    _get_lc_time                              - Undefined Weak Reference
    _getenv_init                              - Undefined Weak Reference
    _handle_redirection                       - Undefined Weak Reference
    _initio                                   - Undefined Weak Reference
    _mutex_acquire                            - Undefined Weak Reference
    _mutex_free                               - Undefined Weak Reference
    _mutex_release                            - Undefined Weak Reference
    _printf_fp_hex                            - Undefined Weak Reference
    _printf_mbtowc                            - Undefined Weak Reference
    _printf_wc                                - Undefined Weak Reference
    _rand_init                                - Undefined Weak Reference
    _signal_finish                            - Undefined Weak Reference
    _signal_init                              - Undefined Weak Reference
    _terminateio                              - Undefined Weak Reference
    _armboot_start                           0x33d00040   Data           0  start.o(start)
    _bss_start                               0x33d00044   Data           0  start.o(start)
    Inline Thumb to ARM Veneer to _printf_percent 0x33d00181   Thumb Code     4  _printf_percent.o(.ARM.Collect$$_printf_percent$$00000000)
    _printf_n                                0x33d00184   ARM Code       0  _printf_n.o(.ARM.Collect$$_printf_percent$$00000001)
    _printf_percent                          0x33d00184   ARM Code       0  _printf_percent.o(.ARM.Collect$$_printf_percent$$00000000)
    _printf_p                                0x33d0018c   ARM Code       0  _printf_p.o(.ARM.Collect$$_printf_percent$$00000002)
    _printf_f                                0x33d00194   ARM Code       0  _printf_f.o(.ARM.Collect$$_printf_percent$$00000003)
    _printf_e                                0x33d0019c   ARM Code       0  _printf_e.o(.ARM.Collect$$_printf_percent$$00000004)
    _printf_g                                0x33d001a4   ARM Code       0  _printf_g.o(.ARM.Collect$$_printf_percent$$00000005)
    _printf_a                                0x33d001ac   ARM Code       0  _printf_a.o(.ARM.Collect$$_printf_percent$$00000006)
    _printf_ll                               0x33d001b4   ARM Code       0  _printf_ll.o(.ARM.Collect$$_printf_percent$$00000007)
    _printf_i                                0x33d001c0   ARM Code       0  _printf_i.o(.ARM.Collect$$_printf_percent$$00000008)
    _printf_d                                0x33d001c8   ARM Code       0  _printf_d.o(.ARM.Collect$$_printf_percent$$00000009)
    _printf_u                                0x33d001d0   ARM Code       0  _printf_u.o(.ARM.Collect$$_printf_percent$$0000000A)
    _printf_o                                0x33d001d8   ARM Code       0  _printf_o.o(.ARM.Collect$$_printf_percent$$0000000B)
    _printf_x                                0x33d001e0   ARM Code       0  _printf_x.o(.ARM.Collect$$_printf_percent$$0000000C)
    _printf_lli                              0x33d001e8   ARM Code       0  _printf_lli.o(.ARM.Collect$$_printf_percent$$0000000D)
    _printf_lld                              0x33d001f0   ARM Code       0  _printf_lld.o(.ARM.Collect$$_printf_percent$$0000000E)
    _printf_llu                              0x33d001f8   ARM Code       0  _printf_llu.o(.ARM.Collect$$_printf_percent$$0000000F)
    _printf_llo                              0x33d00200   ARM Code       0  _printf_llo.o(.ARM.Collect$$_printf_percent$$00000010)
    _printf_llx                              0x33d00208   ARM Code       0  _printf_llx.o(.ARM.Collect$$_printf_percent$$00000011)
    _printf_l                                0x33d00210   ARM Code       0  _printf_l.o(.ARM.Collect$$_printf_percent$$00000012)
    _printf_c                                0x33d0021c   ARM Code       0  _printf_c.o(.ARM.Collect$$_printf_percent$$00000013)
    _printf_s                                0x33d00224   ARM Code       0  _printf_s.o(.ARM.Collect$$_printf_percent$$00000014)
    _printf_lc                               0x33d0022c   ARM Code       0  _printf_lc.o(.ARM.Collect$$_printf_percent$$00000015)
    _printf_ls                               0x33d00234   ARM Code       0  _printf_ls.o(.ARM.Collect$$_printf_percent$$00000016)
    _printf_percent_end                      0x33d0023c   ARM Code       0  _printf_percent_end.o(.ARM.Collect$$_printf_percent$$00000017)
    __asm___11_boot_init_c_df48103e__delay   0x33d00244   ARM Code       8  boot_init.o(.emb_text)
    __rt_lib_init_heap_2                     0x33d00245   Thumb Code     0  libinit2.o(.ARM.Collect$$libinit$$0000000A)
    __rt_lib_init_lc_ctype_2                 0x33d00245   Thumb Code     0  libinit2.o(.ARM.Collect$$libinit$$00000013)
    __rt_lib_init_lc_numeric_2               0x33d00245   Thumb Code     0  libinit2.o(.ARM.Collect$$libinit$$00000017)
    _maybe_terminate_alloc                   0x33d0024d   Thumb Code     0  maybetermalloc1.o(.emb_text)
    cpu_init                                 0x33d0029c   ARM Code       8  cpu.o(.text)
    cleanup_before_linux                     0x33d002a4   ARM Code      44  cpu.o(.text)
    do_reset                                 0x33d002d0   ARM Code      44  cpu.o(.text)
    icache_enable                            0x33d002fc   ARM Code      32  cpu.o(.text)
    icache_disable                           0x33d0031c   ARM Code      32  cpu.o(.text)
    icache_status                            0x33d0033c   ARM Code      24  cpu.o(.text)
    dcache_enable                            0x33d00354   ARM Code      32  cpu.o(.text)
    dcache_disable                           0x33d00374   ARM Code      36  cpu.o(.text)
    dcache_status                            0x33d00398   ARM Code      24  cpu.o(.text)
    get_FCLK                                 0x33d0044c   ARM Code      20  speed.o(.text)
    get_HCLK                                 0x33d00460   ARM Code     252  speed.o(.text)
    get_PCLK                                 0x33d0055c   ARM Code     292  speed.o(.text)
    get_UCLK                                 0x33d00680   ARM Code      20  speed.o(.text)
    interrupt_init                           0x33d0069c   ARM Code     136  s3c24x0_interrupts.o(.text)
    reset_timer_masked                       0x33d00724   ARM Code      36  s3c24x0_interrupts.o(.text)
    reset_timer                              0x33d00748   ARM Code      16  s3c24x0_interrupts.o(.text)
    get_timer_masked                         0x33d00758   ARM Code     132  s3c24x0_interrupts.o(.text)
    get_timer                                0x33d007dc   ARM Code      24  s3c24x0_interrupts.o(.text)
    set_timer                                0x33d007f4   ARM Code      12  s3c24x0_interrupts.o(.text)
    udelay                                   0x33d00800   ARM Code     100  s3c24x0_interrupts.o(.text)
    udelay_masked                            0x33d00864   ARM Code     148  s3c24x0_interrupts.o(.text)
    get_ticks                                0x33d008f8   ARM Code      24  s3c24x0_interrupts.o(.text)
    get_tbclk                                0x33d00910   ARM Code       8  s3c24x0_interrupts.o(.text)
    reset_cpu                                0x33d00918   ARM Code      44  s3c24x0_interrupts.o(.text)
    serial_setbrg                            0x33d00974   ARM Code     120  s3c24x0_serial.o(.text)
    serial_init                              0x33d009ec   ARM Code      20  s3c24x0_serial.o(.text)
    serial_getc                              0x33d00a00   ARM Code      48  s3c24x0_serial.o(.text)
    serial_putc                              0x33d00a30   ARM Code      68  s3c24x0_serial.o(.text)
    serial_tstc                              0x33d00a74   ARM Code      32  s3c24x0_serial.o(.text)
    serial_puts                              0x33d00a94   ARM Code      40  s3c24x0_serial.o(.text)
    do_getc                                  0x33d00abc   ARM Code     188  s3c24x0_serial.o(.text)
    awaitkey2                                0x33d00b78   ARM Code      32  s3c24x0_serial.o(.text)
    nand_init_ll                             0x33d00e58   ARM Code      36  boot_init.o(.text)
    NF_ReadID                                0x33d00e7c   ARM Code     140  boot_init.o(.text)
    nand_read_ll                             0x33d00f08   ARM Code     328  boot_init.o(.text)
    nand_read_ll_lp                          0x33d01050   ARM Code     412  boot_init.o(.text)
    bBootFrmNORFlash                         0x33d011ec   ARM Code      52  boot_init.o(.text)
    CopyCode2Ram                             0x33d01220   ARM Code     168  boot_init.o(.text)
    clock_init                               0x33d012c8   ARM Code      76  boot_init.o(.text)
    LED_init                                 0x33d01324   ARM Code      64  tq2440.o(.text)
    LED1_on                                  0x33d01364   ARM Code      28  tq2440.o(.text)
    LED1_off                                 0x33d01380   ARM Code      28  tq2440.o(.text)
    LED2_on                                  0x33d0139c   ARM Code      28  tq2440.o(.text)
    LED2_off                                 0x33d013b8   ARM Code      28  tq2440.o(.text)
    LED3_on                                  0x33d013d4   ARM Code      28  tq2440.o(.text)
    LED3_off                                 0x33d013f0   ARM Code      28  tq2440.o(.text)
    LED4_on                                  0x33d0140c   ARM Code      28  tq2440.o(.text)
    LED4_off                                 0x33d01428   ARM Code      28  tq2440.o(.text)
    board_init                               0x33d01444   ARM Code     220  tq2440.o(.text)
    dram_init                                0x33d01520   ARM Code      48  tq2440.o(.text)
    flash_init                               0x33d01584   ARM Code     416  tq2440_flash.o(.text)
    flash_print_info                         0x33d01724   ARM Code     540  tq2440_flash.o(.text)
    flash_erase                              0x33d01940   ARM Code     580  tq2440_flash.o(.text)
    write_buff                               0x33d01d08   ARM Code     400  tq2440_flash.o(.text)
    crc32                                    0x33d01e98   ARM Code     252  crc32.o(.text)
    crc32_wd                                 0x33d01f94   ARM Code      52  crc32.o(.text)
    display_options                          0x33d01fcc   ARM Code      28  display_options.o(.text)
    print_size                               0x33d01fe8   ARM Code     196  display_options.o(.text)
    print_buffer                             0x33d020ac   ARM Code     476  display_options.o(.text)
    __div64_32                               0x33d02288   ARM Code     264  div64.o(.text)
    lmb_dump_all                             0x33d02390   ARM Code       4  lmb.o(.text)
    lmb_init                                 0x33d024f4   ARM Code      56  lmb.o(.text)
    lmb_add                                  0x33d02740   ARM Code      44  lmb.o(.text)
    lmb_free                                 0x33d0276c   ARM Code     308  lmb.o(.text)
    lmb_reserve                              0x33d028a0   ARM Code      44  lmb.o(.text)
    lmb_overlaps_region                      0x33d028cc   ARM Code     128  lmb.o(.text)
    __lmb_alloc_base                         0x33d02974   ARM Code     360  lmb.o(.text)
    lmb_alloc_base                           0x33d02adc   ARM Code      80  lmb.o(.text)
    lmb_alloc                                0x33d02b2c   ARM Code      44  lmb.o(.text)
    lmb_is_reserved                          0x33d02b58   ARM Code     108  lmb.o(.text)
    strcpy                                   0x33d02bf8   ARM Code      32  string.o(.text)
    strncpy                                  0x33d02c18   ARM Code      52  string.o(.text)
    strcat                                   0x33d02c4c   ARM Code      52  string.o(.text)
    strncat                                  0x33d02c80   ARM Code      96  string.o(.text)
    strcmp                                   0x33d02ce0   ARM Code      64  string.o(.text)
    strncmp                                  0x33d02d20   ARM Code      84  string.o(.text)
    strchr                                   0x33d02d74   ARM Code      56  string.o(.text)
    strlen                                   0x33d02dac   ARM Code      36  string.o(.text)
    strrchr                                  0x33d02dd0   ARM Code      80  string.o(.text)
    strnlen                                  0x33d02e20   ARM Code      52  string.o(.text)
    strdup                                   0x33d02e54   ARM Code      76  string.o(.text)
    strspn                                   0x33d02ea0   ARM Code     120  string.o(.text)
    strpbrk                                  0x33d02f18   ARM Code      96  string.o(.text)
    strtok                                   0x33d02f78   ARM Code     164  string.o(.text)
    strsep                                   0x33d0301c   ARM Code      80  string.o(.text)
    strswab                                  0x33d0306c   ARM Code     100  string.o(.text)
    memset                                   0x33d030d0   ARM Code      36  string.o(.text)
    bcopy                                    0x33d030f4   ARM Code      48  string.o(.text)
    memcpy                                   0x33d03124   ARM Code      44  string.o(.text)
    memmove                                  0x33d03150   ARM Code     108  string.o(.text)
    memcmp                                   0x33d031bc   ARM Code      80  string.o(.text)
    memscan                                  0x33d0320c   ARM Code      52  string.o(.text)
    strstr                                   0x33d03240   ARM Code     116  string.o(.text)
    memchr                                   0x33d032b4   ARM Code      68  string.o(.text)
    simple_strtoul                           0x33d032fc   ARM Code     272  vsprintf.o(.text)
    simple_strtol                            0x33d0340c   ARM Code      76  vsprintf.o(.text)
    vsprintf                                 0x33d03764   ARM Code    1616  vsprintf.o(.text)
    sprintf                                  0x33d03db4   ARM Code      64  vsprintf.o(.text)
    panic                                    0x33d03df4   ARM Code      84  vsprintf.o(.text)
    inflateReset                             0x33d03fc0   ARM Code     120  zlib.o(.text)
    inflateEnd                               0x33d0409c   ARM Code     128  zlib.o(.text)
    adler32                                  0x33d0411c   ARM Code     380  zlib.o(.text)
    inflateInit2                             0x33d04348   ARM Code     256  zlib.o(.text)
    inflateInit                              0x33d04448   ARM Code      28  zlib.o(.text)
    inflate                                  0x33d0700c   ARM Code    1320  zlib.o(.text)
    inflateIncomp                            0x33d076c8   ARM Code      56  zlib.o(.text)
    inflateSync                              0x33d07700   ARM Code     300  zlib.o(.text)
    __rt_heap_extend                         0x33d07884   ARM Code      12  board.o(.text)
    __coloured_LED_init                      0x33d07890   ARM Code       4  board.o(.text)
    coloured_LED_init                        0x33d07890   ARM Code       0  board.o(.text)
    __red_LED_on                             0x33d07894   ARM Code       4  board.o(.text)
    red_LED_on                               0x33d07894   ARM Code       0  board.o(.text)
    __red_LED_off                            0x33d07898   ARM Code       4  board.o(.text)
    red_LED_off                              0x33d07898   ARM Code       0  board.o(.text)
    __green_LED_on                           0x33d0789c   ARM Code       4  board.o(.text)
    green_LED_on                             0x33d0789c   ARM Code       0  board.o(.text)
    __green_LED_off                          0x33d078a0   ARM Code       4  board.o(.text)
    green_LED_off                            0x33d078a0   ARM Code       0  board.o(.text)
    __yellow_LED_on                          0x33d078a4   ARM Code       4  board.o(.text)
    yellow_LED_on                            0x33d078a4   ARM Code       0  board.o(.text)
    __yellow_LED_off                         0x33d078a8   ARM Code       4  board.o(.text)
    yellow_LED_off                           0x33d078a8   ARM Code       0  board.o(.text)
    hang                                     0x33d079ac   ARM Code      16  board.o(.text)
    start_armboot                            0x33d079bc   ARM Code     668  board.o(.text)
    do_bootm_linux                           0x33d07c58   ARM Code     312  bootm.o(.text)
    flush_cache                              0x33d07dfc   ARM Code       4  cache.o(.text)
    enable_interrupts                        0x33d07e00   ARM Code       4  interrupts_lib.o(.text)
    disable_interrupts                       0x33d07e04   ARM Code       8  interrupts_lib.o(.text)
    bad_mode                                 0x33d07e0c   ARM Code      28  interrupts_lib.o(.text)
    show_regs                                0x33d07e28   ARM Code     372  interrupts_lib.o(.text)
    do_undefined_instruction                 0x33d07f9c   ARM Code      36  interrupts_lib.o(.text)
    do_software_interrupt                    0x33d07fc0   ARM Code     300  interrupts_lib.o(.text)
    do_prefetch_abort                        0x33d080ec   ARM Code      36  interrupts_lib.o(.text)
    do_data_abort                            0x33d08110   ARM Code      36  interrupts_lib.o(.text)
    do_not_used                              0x33d08134   ARM Code      36  interrupts_lib.o(.text)
    do_fiq                                   0x33d08158   ARM Code      36  interrupts_lib.o(.text)
    do_irq                                   0x33d0817c   ARM Code      36  interrupts_lib.o(.text)
    __board_lmb_reserve                      0x33d08228   ARM Code       4  cmd_bootm.o(.text)
    board_lmb_reserve                        0x33d08228   ARM Code       0  cmd_bootm.o(.text)
    do_bootm                                 0x33d08768   ARM Code    1112  cmd_bootm.o(.text)
    do_bootd                                 0x33d08bc0   ARM Code      68  cmd_bootm.o(.text)
    do_iminfo                                0x33d08de4   ARM Code     120  cmd_bootm.o(.text)
    do_go_exec                               0x33d08fd4   ARM Code      40  cmd_boot.o(.text)
    do_go                                    0x33d08ffc   ARM Code     140  cmd_boot.o(.text)
    do_bootp                                 0x33d094e0   ARM Code      48  cmd_net.o(.text)
    do_tftpb                                 0x33d09510   ARM Code      48  cmd_net.o(.text)
    do_rarpb                                 0x33d09540   ARM Code      48  cmd_net.o(.text)
    do_nfs                                   0x33d09570   ARM Code      48  cmd_net.o(.text)
    envmatch                                 0x33d095a0   ARM Code     108  cmd_nvedit.o(.text)
    do_printenv                              0x33d0960c   ARM Code     392  cmd_nvedit.o(.text)
    _do_setenv                               0x33d09794   ARM Code    1820  cmd_nvedit.o(.text)
    setenv                                   0x33d09eb0   ARM Code      88  cmd_nvedit.o(.text)
    do_setenv                                0x33d09f08   ARM Code      72  cmd_nvedit.o(.text)
    getenv                                   0x33d09f50   ARM Code     132  cmd_nvedit.o(.text)
    getenv_r                                 0x33d09fd4   ARM Code     248  cmd_nvedit.o(.text)
    do_saveenv                               0x33d0a0cc   ARM Code      68  cmd_nvedit.o(.text)
    fputs                                    0x33d0a134   ARM Code      52  console.o(.text)
    puts                                     0x33d0a168   ARM Code      64  console.o(.text)
    printf                                   0x33d0a1a8   ARM Code      64  console.o(.text)
    serial_printf                            0x33d0a30c   ARM Code      64  console.o(.text)
    fgetc                                    0x33d0a34c   ARM Code      52  console.o(.text)
    ftstc                                    0x33d0a380   ARM Code      52  console.o(.text)
    fputc                                    0x33d0a3b4   ARM Code      52  console.o(.text)
    fprintf                                  0x33d0a3e8   ARM Code      76  console.o(.text)
    getc                                     0x33d0a434   ARM Code      52  console.o(.text)
    tstc                                     0x33d0a468   ARM Code      52  console.o(.text)
    putc                                     0x33d0a49c   ARM Code      64  console.o(.text)
    vprintf                                  0x33d0a4dc   ARM Code      48  console.o(.text)
    ctrlc                                    0x33d0a50c   ARM Code     104  console.o(.text)
    disable_ctrlc                            0x33d0a574   ARM Code      20  console.o(.text)
    had_ctrlc                                0x33d0a588   ARM Code      12  console.o(.text)
    clear_ctrlc                              0x33d0a594   ARM Code      16  console.o(.text)
    dbg                                      0x33d0a5a4   ARM Code       4  console.o(.text)
    console_assign                           0x33d0a5a8   ARM Code     208  console.o(.text)
    console_init_f                           0x33d0a678   ARM Code      24  console.o(.text)
    console_init_r                           0x33d0a690   ARM Code     444  console.o(.text)
    do_version                               0x33d0a8e0   ARM Code      44  command.o(.text)
    do_echo                                  0x33d0a90c   ARM Code     148  command.o(.text)
    find_cmd                                 0x33d0a9a0   ARM Code     164  command.o(.text)
    do_help                                  0x33d0aa44   ARM Code     536  command.o(.text)
    flash_protect                            0x33d0ac78   ARM Code     264  flash.o(.text)
    addr2info                                0x33d0ad80   ARM Code     100  flash.o(.text)
    flash_write                              0x33d0ade4   ARM Code     364  flash.o(.text)
    flash_perror                             0x33d0af50   ARM Code     532  flash.o(.text)
    device_register                          0x33d0b198   ARM Code      40  devices.o(.text)
    devices_init                             0x33d0b21c   ARM Code     124  devices.o(.text)
    devices_done                             0x33d0b298   ARM Code      28  devices.o(.text)
    env_get_char_spec                        0x33d0b300   ARM Code      24  env_flash.o(.text)
    env_init                                 0x33d0b318   ARM Code     140  env_flash.o(.text)
    saveenv                                  0x33d0b3a4   ARM Code     192  env_flash.o(.text)
    env_relocate_spec                        0x33d0b464   ARM Code      36  env_flash.o(.text)
    env_crc_update                           0x33d0b4d0   ARM Code      48  env_common.o(.text)
    env_get_char_memory                      0x33d0b540   ARM Code      56  env_common.o(.text)
    env_get_char                             0x33d0b578   ARM Code      72  env_common.o(.text)
    env_get_addr                             0x33d0b5c0   ARM Code      56  env_common.o(.text)
    set_default_env                          0x33d0b5f8   ARM Code      72  env_common.o(.text)
    env_relocate                             0x33d0b640   ARM Code     100  env_common.o(.text)
    get_version                              0x33d0b6ec   ARM Code       8  exports.o(.text)
    jumptable_init                           0x33d0b6f4   ARM Code     272  exports.o(.text)
    NewHandle                                0x33d0b830   ARM Code     100  lists.o(.text)
    DisposeHandle                            0x33d0b894   ARM Code      40  lists.o(.text)
    GetHandleSize                            0x33d0b8bc   ARM Code      12  lists.o(.text)
    SetHandleSize                            0x33d0b8c8   ARM Code     144  lists.o(.text)
    ListCreate                               0x33d0ba90   ARM Code     104  lists.o(.text)
    ListSetAllocationPolicy                  0x33d0baf8   ARM Code      20  lists.o(.text)
    ListDispose                              0x33d0bb0c   ARM Code      24  lists.o(.text)
    ListInsertItems                          0x33d0bb24   ARM Code     468  lists.o(.text)
    ListInsertItem                           0x33d0bcf8   ARM Code      44  lists.o(.text)
    ListGetItems                             0x33d0bd24   ARM Code     104  lists.o(.text)
    ListGetPtrToItem                         0x33d0bd8c   ARM Code      64  lists.o(.text)
    ListGetDataPtr                           0x33d0bdcc   ARM Code      16  lists.o(.text)
    ListGetItemSize                          0x33d0bddc   ARM Code      16  lists.o(.text)
    ListNumItems                             0x33d0bdec   ARM Code      16  lists.o(.text)
    image_check_hcrc                         0x33d0be34   ARM Code     136  image.o(.text)
    image_check_dcrc                         0x33d0bebc   ARM Code      96  image.o(.text)
    image_multi_count                        0x33d0bf1c   ARM Code      64  image.o(.text)
    image_multi_getimg                       0x33d0bf5c   ARM Code     152  image.o(.text)
    genimg_get_comp_name                     0x33d0c028   ARM Code      32  image.o(.text)
    genimg_get_type_name                     0x33d0c048   ARM Code      32  image.o(.text)
    genimg_get_arch_name                     0x33d0c068   ARM Code      32  image.o(.text)
    genimg_get_os_name                       0x33d0c088   ARM Code      32  image.o(.text)
    image_print_contents                     0x33d0c148   ARM Code     592  image.o(.text)
    getenv_yesno                             0x33d0c4ec   ARM Code     220  image.o(.text)
    getenv_bootm_low                         0x33d0c5c8   ARM Code      68  image.o(.text)
    getenv_bootm_size                        0x33d0c60c   ARM Code      80  image.o(.text)
    memmove_wd                               0x33d0c65c   ARM Code      44  image.o(.text)
    genimg_get_os_id                         0x33d0c6e4   ARM Code      32  image.o(.text)
    genimg_get_arch_id                       0x33d0c704   ARM Code      32  image.o(.text)
    genimg_get_type_id                       0x33d0c724   ARM Code      32  image.o(.text)
    genimg_get_comp_id                       0x33d0c744   ARM Code      32  image.o(.text)
    genimg_get_format                        0x33d0c764   ARM Code      48  image.o(.text)
    genimg_get_image                         0x33d0c794   ARM Code      12  image.o(.text)
    genimg_has_config                        0x33d0c7a0   ARM Code      56  image.o(.text)
    boot_get_ramdisk                         0x33d0c7d8   ARM Code     428  image.o(.text)
    zalloc                                   0x33d0ca6c   ARM Code      52  gunzip.o(.text)
    zfree                                    0x33d0caa0   ARM Code      32  gunzip.o(.text)
    gunzip                                   0x33d0cac0   ARM Code     400  gunzip.o(.text)
    __show_boot_progress                     0x33d0ccd8   ARM Code       4  main.o(.text)
    show_boot_progress                       0x33d0ccd8   ARM Code       0  main.o(.text)
    parse_line                               0x33d0ccdc   ARM Code     204  main.o(.text)
    run_command                              0x33d0cff8   ARM Code     684  main.o(.text)
    readline_into_buffer                     0x33d0d39c   ARM Code     528  main.o(.text)
    readline                                 0x33d0d5ac   ARM Code      28  main.o(.text)
    main_loop                                0x33d0d5c8   ARM Code     292  main.o(.text)
    do_run                                   0x33d0d6ec   ARM Code     144  main.o(.text)
    do_flinfo                                0x33d0de7c   ARM Code     192  cmd_flash.o(.text)
    flash_sect_erase                         0x33d0df3c   ARM Code     232  cmd_flash.o(.text)
    do_flerase                               0x33d0e024   ARM Code     832  cmd_flash.o(.text)
    flash_sect_protect                       0x33d0e364   ARM Code     308  cmd_flash.o(.text)
    do_protect                               0x33d0e498   ARM Code     920  cmd_flash.o(.text)
    cache_clean_invalidate                   0x33d0e88c   ARM Code      76  cmd_boot_zimage.o(.text)
    tlb_invalidate                           0x33d0e8d8   ARM Code      24  cmd_boot_zimage.o(.text)
    call_linux                               0x33d0e8f0   ARM Code     108  cmd_boot_zimage.o(.text)
    boot_zimage                              0x33d0e9c8   ARM Code     116  cmd_boot_zimage.o(.text)
    do_boot_zimage                           0x33d0ea3c   ARM Code     100  cmd_boot_zimage.o(.text)
    BootpRequest                             0x33d0f230   ARM Code     524  bootp.o(.text)
    eth_initialize                           0x33d0f52c   ARM Code      12  eth.o(.text)
    NetSetEther                              0x33d0f538   ARM Code     188  net.o(.text)
    ArpRequest                               0x33d0f5f4   ARM Code     332  net.o(.text)
    NetSetHandler                            0x33d0f744   ARM Code      12  net.o(.text)
    NetSetTimeout                            0x33d0f760   ARM Code      76  net.o(.text)
    NetStartAgain                            0x33d0f7ac   ARM Code     160  net.o(.text)
    ArpTimeoutCheck                          0x33d0f84c   ARM Code     352  net.o(.text)
    string_to_VLAN                           0x33d0fa7c   ARM Code     100  net.o(.text)
    getenv_VLAN                              0x33d0fae0   ARM Code      32  net.o(.text)
    string_to_ip                             0x33d0fb00   ARM Code     156  net.o(.text)
    getenv_IPaddr                            0x33d0fb9c   ARM Code      32  net.o(.text)
    NetLoop                                  0x33d0fbbc   ARM Code    1424  net.o(.text)
    NetSendPacket                            0x33d1014c   ARM Code      32  net.o(.text)
    NetCksum                                 0x33d1016c   ARM Code      76  net.o(.text)
    NetSetIP                                 0x33d101b8   ARM Code     276  net.o(.text)
    NetSendUDPPacket                         0x33d102cc   ARM Code     348  net.o(.text)
    ip_to_string                             0x33d10428   ARM Code      76  net.o(.text)
    print_IPaddr                             0x33d10474   ARM Code      36  net.o(.text)
    NetCksumOk                               0x33d10498   ARM Code      64  net.o(.text)
    NetReceive                               0x33d104d8   ARM Code    1720  net.o(.text)
    NetEthHdrSize                            0x33d10b90   ARM Code      76  net.o(.text)
    copy_filename                            0x33d10bdc   ARM Code      92  net.o(.text)
    VLAN_to_string                           0x33d10c38   ARM Code      96  net.o(.text)
    TftpStart                                0x33d11480   ARM Code     900  tftp.o(.text)
    NfsStart                                 0x33d127d4   ARM Code     980  nfs.o(.text)
    RarpRequest                              0x33d12c3c   ARM Code     264  rarp.o(.text)
    read_srom_word                           0x33d13554   ARM Code      88  dm9000x.o(.text)
    eth_init                                 0x33d135ac   ARM Code    1276  dm9000x.o(.text)
    eth_send                                 0x33d13aa8   ARM Code     216  dm9000x.o(.text)
    eth_halt                                 0x33d13b80   ARM Code     240  dm9000x.o(.text)
    eth_rx                                   0x33d13c70   ARM Code     360  dm9000x.o(.text)
    write_srom_word                          0x33d13dd8   ARM Code      92  dm9000x.o(.text)
    ferror                                   0x33d13ea8   ARM Code      12  retarget.o(.text)
    _ttywrch                                 0x33d13eb4   ARM Code      24  retarget.o(.text)
    _sys_exit                                0x33d13ecc   ARM Code       8  retarget.o(.text)
    __I$use$semihosting                      0x33d13ed4   ARM Code       0  use_no_semi.o(.text)
    __use_no_semihosting_swi                 0x33d13ed4   ARM Code       4  use_no_semi.o(.text)
    Inline ARM to Thumb Veneer to _init_alloc 0x33d13ed8   ARM Code       8  init_alloc.o(.text)
    _terminate_user_alloc                    0x33d13ee1   Thumb Code     2  init_alloc.o(.text)
    _init_user_alloc                         0x33d13ee3   Thumb Code     2  init_alloc.o(.text)
    __Heap_Full                              0x33d13ee5   Thumb Code    36  init_alloc.o(.text)
    __Heap_Broken                            0x33d13f09   Thumb Code    14  init_alloc.o(.text)
    _init_alloc                              0x33d13f17   Thumb Code    94  init_alloc.o(.text)
    Inline ARM to Thumb Veneer to malloc     0x33d13f74   ARM Code       8  h1_alloc.o(.text)
    malloc                                   0x33d13f7d   Thumb Code   110  h1_alloc.o(.text)
    Inline ARM to Thumb Veneer to free       0x33d13fec   ARM Code       8  h1_free.o(.text)
    free                                     0x33d13ff5   Thumb Code    84  h1_free.o(.text)
    Inline ARM to Thumb Veneer to realloc    0x33d14048   ARM Code       8  h1_realloc.o(.text)
    realloc                                  0x33d14051   Thumb Code   198  h1_realloc.o(.text)
    Inline ARM to Thumb Veneer to __c89vsprintf 0x33d14118   ARM Code       8  c89vsprintf.o(.text)
    __c89vsprintf                            0x33d14121   Thumb Code    36  c89vsprintf.o(.text)
    Inline ARM to Thumb Veneer to __2sprintf 0x33d14148   ARM Code       8  __2sprintf.o(.text)
    __2sprintf                               0x33d14151   Thumb Code    40  __2sprintf.o(.text)
    _printf_pre_padding                      0x33d1417d   Thumb Code    50  _printf_pad.o(.text)
    _printf_post_padding                     0x33d141af   Thumb Code    36  _printf_pad.o(.text)
    _printf_str                              0x33d141d3   Thumb Code    88  _printf_str.o(.text)
    Inline ARM to Thumb Veneer to _printf_int_dec 0x33d1422c   ARM Code       8  _printf_dec.o(.text)
    _printf_int_dec                          0x33d14235   Thumb Code    94  _printf_dec.o(.text)
    Inline ARM to Thumb Veneer to _printf_hex_ptr 0x33d142a4   ARM Code       8  _printf_hex_int_ll_ptr.o(.text)
    _printf_longlong_hex                     0x33d142ad   Thumb Code    92  _printf_hex_int_ll_ptr.o(.text)
    _printf_int_hex                          0x33d14309   Thumb Code    32  _printf_hex_int_ll_ptr.o(.text)
    _printf_ll_hex                           0x33d14329   Thumb Code    10  _printf_hex_int_ll_ptr.o(.text)
    _printf_hex_ptr                          0x33d14333   Thumb Code    22  _printf_hex_int_ll_ptr.o(.text)
    __printf                                 0x33d1434d   Thumb Code   406  __printf_flags_ss_wp.o(.text)
    __aeabi_memcpy                           0x33d144e8   ARM Code       0  rt_memcpy.o(.text)
    __rt_memcpy                              0x33d144e8   ARM Code     212  rt_memcpy.o(.text)
    _memcpy_lastbytes                        0x33d1459c   ARM Code       0  rt_memcpy.o(.text)
    __aeabi_memmove                          0x33d145bc   ARM Code       0  rt_memmove.o(.text)
    __rt_memmove                             0x33d145bc   ARM Code     212  rt_memmove.o(.text)
    __memmove_lastfew                        0x33d14670   ARM Code       0  rt_memmove.o(.text)
    Inline Thumb to ARM Veneer to __aeabi_memcpy4 0x33d14691   Thumb Code     4  rt_memcpy_w.o(.text)
    __aeabi_memcpy4                          0x33d14694   ARM Code       0  rt_memcpy_w.o(.text)
    __aeabi_memcpy8                          0x33d14694   ARM Code       0  rt_memcpy_w.o(.text)
    __rt_memcpy_w                            0x33d14694   ARM Code     100  rt_memcpy_w.o(.text)
    _memcpy_lastbytes_aligned                0x33d146e0   ARM Code       0  rt_memcpy_w.o(.text)
    __aeabi_memmove4                         0x33d146f8   ARM Code       0  rt_memmove_w.o(.text)
    __aeabi_memmove8                         0x33d146f8   ARM Code       0  rt_memmove_w.o(.text)
    __rt_memmove_w                           0x33d146f8   ARM Code     128  rt_memmove_w.o(.text)
    __memmove_aligned                        0x33d14724   ARM Code       0  rt_memmove_w.o(.text)
    __memmove_lastfew_aligned                0x33d14760   ARM Code       0  rt_memmove_w.o(.text)
    __aeabi_memclr                           0x33d14778   ARM Code       0  rt_memclr.o(.text)
    __rt_memclr                              0x33d14778   ARM Code      64  rt_memclr.o(.text)
    _memset                                  0x33d1477c   ARM Code       0  rt_memclr.o(.text)
    __aeabi_memclr4                          0x33d147b8   ARM Code       0  rt_memclr_w.o(.text)
    __aeabi_memclr8                          0x33d147b8   ARM Code       0  rt_memclr_w.o(.text)
    __rt_memclr_w                            0x33d147b8   ARM Code      84  rt_memclr_w.o(.text)
    _memset_w                                0x33d147bc   ARM Code       0  rt_memclr_w.o(.text)
    Inline Thumb to ARM Veneer to __aeabi_idivmod 0x33d1480d   Thumb Code     4  aeabi_sdiv.o(.text)
    __aeabi_idiv                             0x33d14810   ARM Code       0  aeabi_sdiv.o(.text)
    __aeabi_idivmod                          0x33d14810   ARM Code     384  aeabi_sdiv.o(.text)
    Inline Thumb to ARM Veneer to __rt_heap_descriptor 0x33d14991   Thumb Code     4  rt_heap_descriptor.o(.text)
    __rt_heap_descriptor                     0x33d14994   ARM Code      12  rt_heap_descriptor.o(.text)
    __use_no_heap                            0x33d149a1   Thumb Code     2  hguard.o(.text)
    __heap$guard                             0x33d149a3   Thumb Code     2  hguard.o(.text)
    __Heap_Initialize                        0x33d149a5   Thumb Code    10  h1_init.o(.text)
    __Heap_DescSize                          0x33d149af   Thumb Code     4  h1_init.o(.text)
    __Heap_ProvideMemory                     0x33d149b3   Thumb Code    56  h1_extend.o(.text)
    _printf_truncate_signed                  0x33d149eb   Thumb Code    22  _printf_truncate.o(.text)
    _printf_truncate_unsigned                0x33d14a01   Thumb Code    22  _printf_truncate.o(.text)
    _printf_int_common                       0x33d14a17   Thumb Code   186  _printf_intcommon.o(.text)
    Inline ARM to Thumb Veneer to _printf_charcount 0x33d14ad0   ARM Code       8  _printf_charcount.o(.text)
    _printf_charcount                        0x33d14ad9   Thumb Code    38  _printf_charcount.o(.text)
    _printf_char_common                      0x33d14b0b   Thumb Code    34  _printf_char_common.o(.text)
    _sputc                                   0x33d14b31   Thumb Code    10  _sputc.o(.text)
    Inline ARM to Thumb Veneer to _printf_char 0x33d14b3c   ARM Code       8  _printf_char.o(.text)
    _printf_cs_common                        0x33d14b45   Thumb Code    26  _printf_char.o(.text)
    _printf_char                             0x33d14b5f   Thumb Code    16  _printf_char.o(.text)
    _printf_string                           0x33d14b6f   Thumb Code     8  _printf_char.o(.text)
    _printf_wctomb                           0x33d14b79   Thumb Code   188  _printf_wctomb.o(.text)
    Inline ARM to Thumb Veneer to _printf_longlong_dec 0x33d14c38   ARM Code       8  _printf_longlong_dec.o(.text)
    _printf_longlong_dec                     0x33d14c41   Thumb Code    98  _printf_longlong_dec.o(.text)
    Inline ARM to Thumb Veneer to _printf_int_oct 0x33d14cb4   ARM Code       8  _printf_oct_int_ll.o(.text)
    _printf_longlong_oct                     0x33d14cbd   Thumb Code    72  _printf_oct_int_ll.o(.text)
    _printf_int_oct                          0x33d14d05   Thumb Code    28  _printf_oct_int_ll.o(.text)
    _printf_ll_oct                           0x33d14d21   Thumb Code    10  _printf_oct_int_ll.o(.text)
    __rt_SIGRTMEM                            0x33d14d35   Thumb Code    16  defsig_rtmem_outer.o(.text)
    Inline Thumb to ARM Veneer to __rt_udiv10 0x33d14d45   Thumb Code     4  rtudiv10.o(.text)
    __rt_udiv10                              0x33d14d48   ARM Code      44  rtudiv10.o(.text)
    __rt_heap_escrow                         0x33d14d75   Thumb Code     2  heapauxmm.o(.text)
    __rt_heap_expand                         0x33d14d77   Thumb Code    14  heapauxmm.o(.text)
    Inline Thumb to ARM Veneer to _ll_udiv10 0x33d14d85   Thumb Code     4  lludiv10.o(.text)
    _ll_udiv10                               0x33d14d88   ARM Code     160  lludiv10.o(.text)
    __lib_sel_fp_printf                      0x33d14e29   Thumb Code     2  _printf_fp_dec.o(.text)
    _printf_fp_dec_real                      0x33d14fc5   Thumb Code   628  _printf_fp_dec.o(.text)
    Inline ARM to Thumb Veneer to _printf_wchar 0x33d15244   ARM Code       8  _printf_wchar.o(.text)
    _printf_lcs_common                       0x33d1524d   Thumb Code    26  _printf_wchar.o(.text)
    _printf_wchar                            0x33d15267   Thumb Code    16  _printf_wchar.o(.text)
    _printf_wstring                          0x33d15277   Thumb Code     8  _printf_wchar.o(.text)
    _wcrtomb                                 0x33d1527f   Thumb Code    70  _wcrtomb.o(.text)
    __sig_exit                               0x33d152c5   Thumb Code    16  defsig_exit.o(.text)
    __rt_SIGRTMEM_inner                      0x33d152d5   Thumb Code    26  defsig_rtmem_inner.o(.text)
    Inline Thumb to ARM Veneer to __rt_ctype_table 0x33d15329   Thumb Code     4  rt_ctype_table.o(.text)
    __rt_ctype_table                         0x33d1532c   ARM Code      24  rt_ctype_table.o(.text)
    Inline Thumb to ARM Veneer to __rt_locale 0x33d15345   Thumb Code     4  rt_locale.o(.text)
    __rt_locale                              0x33d15348   ARM Code      12  rt_locale.o(.text)
    _printf_fp_infnan                        0x33d15355   Thumb Code   128  _printf_fp_infnan.o(.text)
    _btod_etento                             0x33d153e5   Thumb Code   206  bigflt0.o(.text)
    __default_signal_display                 0x33d154b9   Thumb Code    56  defsig_general.o(.text)
    __aeabi_uidiv                            0x33d154f0   ARM Code       0  aeabi_sdiv.o(.text_udiv)
    __aeabi_uidivmod                         0x33d154f0   ARM Code      36  aeabi_sdiv.o(.text_udiv)
    Inline Thumb to ARM Veneer to _btod_d2e  0x33d15515   Thumb Code     4  btod.o(CL$$btod_d2e)
    _btod_d2e                                0x33d15518   ARM Code      56  btod.o(CL$$btod_d2e)
    _d2e_denorm_low                          0x33d15550   ARM Code      84  btod.o(CL$$btod_d2e_denorm_low)
    _d2e_norm_op1                            0x33d155a4   ARM Code     104  btod.o(CL$$btod_d2e_norm_op1)
    __btod_div_common                        0x33d1560c   ARM Code     716  btod.o(CL$$btod_div_common)
    _e2e                                     0x33d15958   ARM Code     220  btod.o(CL$$btod_e2e)
    Inline Thumb to ARM Veneer to _btod_ediv 0x33d15a35   Thumb Code     4  btod.o(CL$$btod_ediv)
    _btod_ediv                               0x33d15a38   ARM Code      52  btod.o(CL$$btod_ediv)
    Inline Thumb to ARM Veneer to _btod_emul 0x33d15a6d   Thumb Code     4  btod.o(CL$$btod_emul)
    _btod_emul                               0x33d15a70   ARM Code      52  btod.o(CL$$btod_emul)
    __btod_mult_common                       0x33d15aa4   ARM Code     616  btod.o(CL$$btod_mult_common)
    Long ARM to Thumb Veneer to _printf_int_hex 0x33d15d0c   ARM Code      12  anon$$obj.o(Veneer$$Code)
    Long ARM to Thumb Veneer to _printf_ll_oct 0x33d15d18   ARM Code      12  anon$$obj.o(Veneer$$Code)
    Long ARM to Thumb Veneer to _printf_ll_hex 0x33d15d24   ARM Code      12  anon$$obj.o(Veneer$$Code)
    Long ARM to Thumb Veneer to _printf_string 0x33d15d30   ARM Code      12  anon$$obj.o(Veneer$$Code)
    Long ARM to Thumb Veneer to _printf_wstring 0x33d15d3c   ARM Code      12  anon$$obj.o(Veneer$$Code)
    Short Thumb to ARM Veneer to __rt_heap_extend 0x33d15d49   Thumb Code     8  anon$$obj.o(Veneer$$Code)
    Short Thumb to ARM Veneer to _sys_exit   0x33d15d51   Thumb Code     8  anon$$obj.o(Veneer$$Code)
    Short Thumb to ARM Veneer to _ttywrch    0x33d15d59   Thumb Code     8  anon$$obj.o(Veneer$$Code)
    Long ARM to Thumb Veneer to _printf_fp_dec_real 0x33d15d60   ARM Code      12  anon$$obj.o(Veneer$$Code)
    __ARM_common_call_via_r1                 0x33d15d6d   Thumb Code     2  __printf.o(i.__ARM_common_call_via_r1)
    __ARM_common_call_via_r2                 0x33d15d6f   Thumb Code     2  _printf_wctomb.o(i.__ARM_common_call_via_r2)
    __ARM_common_call_via_r3                 0x33d15d71   Thumb Code     2  _wcrtomb.o(i.__ARM_common_call_via_r3)
    Inline Thumb to ARM Veneer to __ARM_fpclassify 0x33d15d75   Thumb Code     4  fpclassify.o(i.__ARM_fpclassify)
    __ARM_fpclassify                         0x33d15d78   ARM Code      48  fpclassify.o(i.__ARM_fpclassify)
    _is_digit                                0x33d15da9   Thumb Code    14  __printf_wp.o(i._is_digit)
    _get_lc_numeric                          0x33d15db8   ARM Code      80  lc_numeric_c.o(locale$$code)
    _get_lc_ctype                            0x33d15e08   ARM Code      80  lc_ctype_c.o(locale$$code)
    Inline Thumb to ARM Veneer to __ieee_status 0x33d15e59   Thumb Code     4  istatus.o(x$fpl$ieeestatus)
    __ieee_status                            0x33d15e5c   ARM Code       8  istatus.o(x$fpl$ieeestatus)
    _printf_fp_dec                           0x33d15e64   ARM Code       4  printf1.o(x$fpl$printf1)
    __I$use$fp                               0x33d15e68   Number         0  usenofp.o(x$fpl$usenofp)
    version_string                           0x33d16268   Data          38  board.o(.constdata)
    __ctype                                  0x33d178f1   Data           0  lc_ctype_c.o(locale$$data)
    timer_load_val                           0x33d179f4   Data           4  s3c24x0_interrupts.o(.data)
    getc_errno                               0x33d17a00   Data           4  s3c24x0_serial.o(.data)
    bLARGEBLOCK                              0x33d17a04   Data           1  boot_init.o(.data)
    b128MB                                   0x33d17a05   Data           1  boot_init.o(.data)
    _ctype                                   0x33d17a06   Data         256  ctype.o(.data)
    ___strtok                                0x33d17b08   Data           4  string.o(.data)
    zlib_version                             0x33d17da0   Data           4  zlib.o(.data)
    z_errmsg                                 0x33d17da4   Data          32  zlib.o(.data)
    gd                                       0x33d17dc4   Data           4  board.o(.data)
    monitor_flash_len                        0x33d17dc8   Data           4  board.o(.data)
    init_sequence                            0x33d17dd4   Data          44  board.o(.data)
    load_addr                                0x33d17e00   Data           4  cmd_bootm.o(.data)
    devlist                                  0x33d17e0c   Data           4  devices.o(.data)
    stdio_names                              0x33d17e10   Data          12  devices.o(.data)
    env_name_spec                            0x33d17e1c   Data           4  env_flash.o(.data)
    env_ptr                                  0x33d17e20   Data           4  env_flash.o(.data)
    default_environment                      0x33d17e28   Data         284  env_common.o(.data)
    BootpID                                  0x33d18134   Data           4  bootp.o(.data)
    BootpTry                                 0x33d18138   Data           4  bootp.o(.data)
    NetOurSubnetMask                         0x33d1813c   Data           4  net.o(.data)
    NetOurGatewayIP                          0x33d18140   Data           4  net.o(.data)
    NetOurDNSIP                              0x33d18144   Data           4  net.o(.data)
    NetBootFileSize                          0x33d18148   Data           2  net.o(.data)
    NetBootFileXferSize                      0x33d1814c   Data           4  net.o(.data)
    NetOurEther                              0x33d18150   Data           6  net.o(.data)
    NetServerEther                           0x33d18156   Data           6  net.o(.data)
    NetOurIP                                 0x33d1815c   Data           4  net.o(.data)
    NetServerIP                              0x33d18160   Data           4  net.o(.data)
    NetRxPkt                                 0x33d18164   Data           4  net.o(.data)
    NetRxPktLen                              0x33d18168   Data           4  net.o(.data)
    NetIPID                                  0x33d1816c   Data           4  net.o(.data)
    NetBcastAddr                             0x33d18170   Data           6  net.o(.data)
    NetEtherNullAddr                         0x33d18176   Data           6  net.o(.data)
    NetState                                 0x33d1817c   Data           4  net.o(.data)
    NetOurVLAN                               0x33d18180   Data           2  net.o(.data)
    NetOurNativeVLAN                         0x33d18182   Data           2  net.o(.data)
    NetTxPacket                              0x33d18194   Data           4  net.o(.data)
    NetArpWaitPacketIP                       0x33d18198   Data           4  net.o(.data)
    NetArpWaitReplyIP                        0x33d1819c   Data           4  net.o(.data)
    NetArpWaitPacketMAC                      0x33d181a0   Data           4  net.o(.data)
    NetArpWaitTxPacket                       0x33d181a4   Data           4  net.o(.data)
    NetArpWaitTxPacketSize                   0x33d181a8   Data           4  net.o(.data)
    NetArpWaitTimerStart                     0x33d181ac   Data           4  net.o(.data)
    NetArpWaitTry                            0x33d181b0   Data           4  net.o(.data)
    RarpTry                                  0x33d18210   Data           4  rarp.o(.data)
    __stdout                                 0x33d1821c   Data           4  retarget.o(.data)
    __stderr                                 0x33d18220   Data           4  retarget.o(.data)
    Image$$E_UBOOT_CMD$$Base                 0x33d18224   Number         0  anon$$obj.o ABSOLUTE
    __u_boot_cmd_bootm                       0x33d18224   Data          24  cmd_bootm.o(.u_boot_cmd)
    __u_boot_cmd_boot                        0x33d1823c   Data          24  cmd_bootm.o(.u_boot_cmd)
    __u_boot_cmd_bootd                       0x33d18254   Data          24  cmd_bootm.o(.u_boot_cmd)
    __u_boot_cmd_iminfo                      0x33d1826c   Data          24  cmd_bootm.o(.u_boot_cmd)
    __u_boot_cmd_imls                        0x33d18284   Data          24  cmd_bootm.o(.u_boot_cmd)
    __u_boot_cmd_go                          0x33d1829c   Data          24  cmd_boot.o(.u_boot_cmd)
    __u_boot_cmd_reset                       0x33d182b4   Data          24  cmd_boot.o(.u_boot_cmd)
    __u_boot_cmd_bootp                       0x33d182cc   Data          24  cmd_net.o(.u_boot_cmd)
    __u_boot_cmd_tftpboot                    0x33d182e4   Data          24  cmd_net.o(.u_boot_cmd)
    __u_boot_cmd_rarpboot                    0x33d182fc   Data          24  cmd_net.o(.u_boot_cmd)
    __u_boot_cmd_nfs                         0x33d18314   Data          24  cmd_net.o(.u_boot_cmd)
    __u_boot_cmd_printenv                    0x33d1832c   Data          24  cmd_nvedit.o(.u_boot_cmd)
    __u_boot_cmd_setenv                      0x33d18344   Data          24  cmd_nvedit.o(.u_boot_cmd)
    __u_boot_cmd_saveenv                     0x33d1835c   Data          24  cmd_nvedit.o(.u_boot_cmd)
    __u_boot_cmd_run                         0x33d18374   Data          24  cmd_nvedit.o(.u_boot_cmd)
    __u_boot_cmd_version                     0x33d1838c   Data          24  command.o(.u_boot_cmd)
    __u_boot_cmd_echo                        0x33d183a4   Data          24  command.o(.u_boot_cmd)
    __u_boot_cmd_help                        0x33d183bc   Data          24  command.o(.u_boot_cmd)
    __u_boot_cmd_question_mark               0x33d183d4   Data          24  command.o(.u_boot_cmd)
    __u_boot_cmd_flinfo                      0x33d183ec   Data          24  cmd_flash.o(.u_boot_cmd)
    __u_boot_cmd_erase                       0x33d18404   Data          24  cmd_flash.o(.u_boot_cmd)
    __u_boot_cmd_protect                     0x33d1841c   Data          24  cmd_flash.o(.u_boot_cmd)
    __u_boot_cmd_boot_zimage                 0x33d18434   Data          24  cmd_boot_zimage.o(.u_boot_cmd)
    Image$$E_UBOOT_CMD$$ZI$$Limit            0x33d1844c   Number         0  anon$$obj.o ABSOLUTE
    Image$$E_ZI$$ZI$$Base                    0x33d1844c   Number         0  anon$$obj.o ABSOLUTE
    flash_info                               0x33d1844c   Data         108  tq2440_flash.o(.bss)
    stdio_devices                            0x33d19598   Data          12  devices.o(.bss)
    console_buffer                           0x33d195a4   Data         256  main.o(.bss)
    NetOurNISDomain                          0x33d197a4   Data          32  net.o(.bss)
    NetOurHostName                           0x33d197c4   Data          32  net.o(.bss)
    NetOurRootPath                           0x33d197e4   Data          64  net.o(.bss)
    BootFile                                 0x33d19824   Data         128  net.o(.bss)
    PktBuf                                   0x33d198a4   Data        7712  net.o(.bss)
    NetRxPackets                             0x33d1b6c4   Data          16  net.o(.bss)
    NetArpWaitPacketBuf                      0x33d1b6d4   Data        1568  net.o(.bss)
    Image$$E_ZI$$ZI$$Limit                   0x33d1c6c8   Number         0  anon$$obj.o ABSOLUTE



==============================================================================

Memory Map of the image

  Image Entry point : 0x33d00000

  Load Region Load_region (Base: 0x33d00000, Size: 0x0001844c, Max: 0xffffffff, ABSOLUTE)

    Execution Region E_RO (Base: 0x33d00000, Size: 0x000179f4, Max: 0xffffffff, ABSOLUTE)

    Base Addr    Size         Type   Attr      Idx    E Section Name        Object

    0x33d00000   0x00000180   Code   RO          112  * start               start.o
    0x33d00180   0x00000004   Ven    RO         1216    .ARM.Collect$$_printf_percent$$00000000  c_t.l(_printf_percent.o)
    0x33d00184   0x00000000   Code   RO         1216    .ARM.Collect$$_printf_percent$$00000000  c_t.l(_printf_percent.o)
    0x33d00184   0x00000008   Code   RO         1358    .ARM.Collect$$_printf_percent$$00000001  c_t.l(_printf_n.o)
    0x33d0018c   0x00000008   Code   RO         1359    .ARM.Collect$$_printf_percent$$00000002  c_t.l(_printf_p.o)
    0x33d00194   0x00000008   Code   RO         1362    .ARM.Collect$$_printf_percent$$00000003  c_t.l(_printf_f.o)
    0x33d0019c   0x00000008   Code   RO         1363    .ARM.Collect$$_printf_percent$$00000004  c_t.l(_printf_e.o)
    0x33d001a4   0x00000008   Code   RO         1364    .ARM.Collect$$_printf_percent$$00000005  c_t.l(_printf_g.o)
    0x33d001ac   0x00000008   Code   RO         1365    .ARM.Collect$$_printf_percent$$00000006  c_t.l(_printf_a.o)
    0x33d001b4   0x0000000c   Code   RO         1370    .ARM.Collect$$_printf_percent$$00000007  c_t.l(_printf_ll.o)
    0x33d001c0   0x00000008   Code   RO         1361    .ARM.Collect$$_printf_percent$$00000008  c_t.l(_printf_i.o)
    0x33d001c8   0x00000008   Code   RO         1214    .ARM.Collect$$_printf_percent$$00000009  c_t.l(_printf_d.o)
    0x33d001d0   0x00000008   Code   RO         1215    .ARM.Collect$$_printf_percent$$0000000A  c_t.l(_printf_u.o)
    0x33d001d8   0x00000008   Code   RO         1360    .ARM.Collect$$_printf_percent$$0000000B  c_t.l(_printf_o.o)
    0x33d001e0   0x00000008   Code   RO         1213    .ARM.Collect$$_printf_percent$$0000000C  c_t.l(_printf_x.o)
    0x33d001e8   0x00000008   Code   RO         1367    .ARM.Collect$$_printf_percent$$0000000D  c_t.l(_printf_lli.o)
    0x33d001f0   0x00000008   Code   RO         1368    .ARM.Collect$$_printf_percent$$0000000E  c_t.l(_printf_lld.o)
    0x33d001f8   0x00000008   Code   RO         1369    .ARM.Collect$$_printf_percent$$0000000F  c_t.l(_printf_llu.o)
    0x33d00200   0x00000008   Code   RO         1374    .ARM.Collect$$_printf_percent$$00000010  c_t.l(_printf_llo.o)
    0x33d00208   0x00000008   Code   RO         1375    .ARM.Collect$$_printf_percent$$00000011  c_t.l(_printf_llx.o)
    0x33d00210   0x0000000c   Code   RO         1371    .ARM.Collect$$_printf_percent$$00000012  c_t.l(_printf_l.o)
    0x33d0021c   0x00000008   Code   RO         1212    .ARM.Collect$$_printf_percent$$00000013  c_t.l(_printf_c.o)
    0x33d00224   0x00000008   Code   RO         1357    .ARM.Collect$$_printf_percent$$00000014  c_t.l(_printf_s.o)
    0x33d0022c   0x00000008   Code   RO         1372    .ARM.Collect$$_printf_percent$$00000015  c_t.l(_printf_lc.o)
    0x33d00234   0x00000008   Code   RO         1373    .ARM.Collect$$_printf_percent$$00000016  c_t.l(_printf_ls.o)
    0x33d0023c   0x00000008   Code   RO         1366    .ARM.Collect$$_printf_percent$$00000017  c_t.l(_printf_percent_end.o)
    0x33d00244   0x00000000   Code   RO         1253    .ARM.Collect$$libinit$$0000000A  c_t.l(libinit2.o)
    0x33d00244   0x00000000   Code   RO         1262    .ARM.Collect$$libinit$$00000013  c_t.l(libinit2.o)
    0x33d00244   0x00000000   Code   RO         1266    .ARM.Collect$$libinit$$00000017  c_t.l(libinit2.o)
    0x33d00244   0x00000008   Code   RO          200    .emb_text           boot_init.o
    0x33d0024c   0x00000000   Code   RO         1311    .emb_text           c_t.l(maybetermalloc1.o)
    0x33d0024c   0x00000164   Code   RO            1    .text               cpu.o
    0x33d003b0   0x000002ec   Code   RO          116    .text               speed.o
    0x33d0069c   0x000002d8   Code   RO          145    .text               s3c24x0_interrupts.o
    0x33d00974   0x00000240   Code   RO          169    .text               s3c24x0_serial.o
    0x33d00bb4   0x00000770   Code   RO          201    .text               boot_init.o
    0x33d01324   0x00000260   Code   RO          222    .text               tq2440.o
    0x33d01584   0x00000914   Code   RO          238    .text               tq2440_flash.o
    0x33d01e98   0x00000134   Code   RO          253    .text               crc32.o
    0x33d01fcc   0x000002bc   Code   RO          283    .text               display_options.o
    0x33d02288   0x00000108   Code   RO          309    .text               div64.o
    0x33d02390   0x00000868   Code   RO          324    .text               lmb.o
    0x33d02bf8   0x00000704   Code   RO          336    .text               string.o
    0x33d032fc   0x00000b50   Code   RO          357    .text               vsprintf.o
    0x33d03e4c   0x000039e0   Code   RO          373    .text               zlib.o
    0x33d0782c   0x0000042c   Code   RO          393    .text               board.o
    0x33d07c58   0x000001a4   Code   RO          467    .text               bootm.o
    0x33d07dfc   0x00000004   Code   RO          490    .text               cache.o
    0x33d07e00   0x000003f4   Code   RO          502    .text               interrupts_lib.o
    0x33d081f4   0x00000de0   Code   RO          516    .text               cmd_bootm.o
    0x33d08fd4   0x00000110   Code   RO          564    .text               cmd_boot.o
    0x33d090e4   0x000004bc   Code   RO          584    .text               cmd_net.o
    0x33d095a0   0x00000b94   Code   RO          600    .text               cmd_nvedit.o
    0x33d0a134   0x000007ac   Code   RO          623    .text               console.o
    0x33d0a8e0   0x00000398   Code   RO          648    .text               command.o
    0x33d0ac78   0x00000520   Code   RO          666    .text               flash.o
    0x33d0b198   0x00000168   Code   RO          679    .text               devices.o
    0x33d0b300   0x000001d0   Code   RO          700    .text               env_flash.o
    0x33d0b4d0   0x00000218   Code   RO          717    .text               env_common.o
    0x33d0b6e8   0x00000148   Code   RO          733    .text               exports.o
    0x33d0b830   0x000005d0   Code   RO          746    .text               lists.o
    0x33d0be00   0x00000c6c   Code   RO          758    .text               image.o
    0x33d0ca6c   0x0000026c   Code   RO          777    .text               gunzip.o
    0x33d0ccd8   0x00000b8c   Code   RO          811    .text               main.o
    0x33d0d864   0x00001028   Code   RO          830    .text               cmd_flash.o
    0x33d0e88c   0x000002f8   Code   RO          848    .text               cmd_boot_zimage.o
    0x33d0eb84   0x000009a8   Code   RO          868    .text               bootp.o
    0x33d0f52c   0x0000000c   Code   RO          899    .text               eth.o
    0x33d0f538   0x00001818   Code   RO          914    .text               net.o
    0x33d10d50   0x00000acc   Code   RO          943    .text               tftp.o
    0x33d1181c   0x000013ac   Code   RO          965    .text               nfs.o
    0x33d12bc8   0x00000244   Code   RO          980    .text               rarp.o
    0x33d12e0c   0x0000109c   Code   RO          998    .text               dm9000x.o
    0x33d13ea8   0x0000002c   Code   RO         1056    .text               retarget.o
    0x33d13ed4   0x00000004   Code   RO         1077    .text               c_t.l(use_no_semi.o)
    0x33d13ed8   0x00000008   Ven    RO         1079    .text               c_t.l(init_alloc.o)
    0x33d13ee0   0x00000094   Code   RO         1079    .text               c_t.l(init_alloc.o)
    0x33d13f74   0x00000008   Ven    RO         1087    .text               c_t.l(h1_alloc.o)
    0x33d13f7c   0x0000006e   Code   RO         1087    .text               c_t.l(h1_alloc.o)
    0x33d13fea   0x00000002   PAD
    0x33d13fec   0x00000008   Ven    RO         1089    .text               c_t.l(h1_free.o)
    0x33d13ff4   0x00000054   Code   RO         1089    .text               c_t.l(h1_free.o)
    0x33d14048   0x00000008   Ven    RO         1091    .text               c_t.l(h1_realloc.o)
    0x33d14050   0x000000c6   Code   RO         1091    .text               c_t.l(h1_realloc.o)
    0x33d14116   0x00000002   PAD
    0x33d14118   0x00000008   Ven    RO         1153    .text               c_t.l(c89vsprintf.o)
    0x33d14120   0x00000028   Code   RO         1153    .text               c_t.l(c89vsprintf.o)
    0x33d14148   0x00000008   Ven    RO         1155    .text               c_t.l(__2sprintf.o)
    0x33d14150   0x0000002c   Code   RO         1155    .text               c_t.l(__2sprintf.o)
    0x33d1417c   0x00000056   Code   RO         1165    .text               c_t.l(_printf_pad.o)
    0x33d141d2   0x00000058   Code   RO         1167    .text               c_t.l(_printf_str.o)
    0x33d1422a   0x00000002   PAD
    0x33d1422c   0x00000008   Ven    RO         1169    .text               c_t.l(_printf_dec.o)
    0x33d14234   0x00000070   Code   RO         1169    .text               c_t.l(_printf_dec.o)
    0x33d142a4   0x00000008   Ven    RO         1189    .text               c_t.l(_printf_hex_int_ll_ptr.o)
    0x33d142ac   0x000000a0   Code   RO         1189    .text               c_t.l(_printf_hex_int_ll_ptr.o)
    0x33d1434c   0x0000019c   Code   RO         1209    .text               c_t.l(__printf_flags_ss_wp.o)
    0x33d144e8   0x000000d4   Code   RO         1217    .text               c_t.l(rt_memcpy.o)
    0x33d145bc   0x000000d4   Code   RO         1219    .text               c_t.l(rt_memmove.o)
    0x33d14690   0x00000004   Ven    RO         1221    .text               c_t.l(rt_memcpy_w.o)
    0x33d14694   0x00000064   Code   RO         1221    .text               c_t.l(rt_memcpy_w.o)
    0x33d146f8   0x00000080   Code   RO         1223    .text               c_t.l(rt_memmove_w.o)
    0x33d14778   0x00000040   Code   RO         1225    .text               c_t.l(rt_memclr.o)
    0x33d147b8   0x00000054   Code   RO         1227    .text               c_t.l(rt_memclr_w.o)
    0x33d1480c   0x00000004   Ven    RO         1229    .text               c_t.l(aeabi_sdiv.o)
    0x33d14810   0x00000180   Code   RO         1229    .text               c_t.l(aeabi_sdiv.o)
    0x33d14990   0x00000004   Ven    RO         1300    .text               c_t.l(rt_heap_descriptor.o)
    0x33d14994   0x0000000c   Code   RO         1300    .text               c_t.l(rt_heap_descriptor.o)
    0x33d149a0   0x00000004   Code   RO         1305    .text               c_t.l(hguard.o)
    0x33d149a4   0x0000000e   Code   RO         1313    .text               c_t.l(h1_init.o)
    0x33d149b2   0x00000038   Code   RO         1315    .text               c_t.l(h1_extend.o)
    0x33d149ea   0x0000002c   Code   RO         1331    .text               c_t.l(_printf_truncate.o)
    0x33d14a16   0x000000ba   Code   RO         1333    .text               c_t.l(_printf_intcommon.o)
    0x33d14ad0   0x00000008   Ven    RO         1335    .text               c_t.l(_printf_charcount.o)
    0x33d14ad8   0x00000026   Code   RO         1335    .text               c_t.l(_printf_charcount.o)
    0x33d14afe   0x00000002   PAD
    0x33d14b00   0x00000030   Code   RO         1337    .text               c_t.l(_printf_char_common.o)
    0x33d14b30   0x0000000a   Code   RO         1339    .text               c_t.l(_sputc.o)
    0x33d14b3a   0x00000002   PAD
    0x33d14b3c   0x00000008   Ven    RO         1341    .text               c_t.l(_printf_char.o)
    0x33d14b44   0x00000032   Code   RO         1341    .text               c_t.l(_printf_char.o)
    0x33d14b76   0x00000002   PAD
    0x33d14b78   0x000000c0   Code   RO         1343    .text               c_t.l(_printf_wctomb.o)
    0x33d14c38   0x00000008   Ven    RO         1349    .text               c_t.l(_printf_longlong_dec.o)
    0x33d14c40   0x00000074   Code   RO         1349    .text               c_t.l(_printf_longlong_dec.o)
    0x33d14cb4   0x00000008   Ven    RO         1355    .text               c_t.l(_printf_oct_int_ll.o)
    0x33d14cbc   0x00000078   Code   RO         1355    .text               c_t.l(_printf_oct_int_ll.o)
    0x33d14d34   0x00000010   Code   RO         1376    .text               c_t.l(defsig_rtmem_outer.o)
    0x33d14d44   0x00000004   Ven    RO         1380    .text               c_t.l(rtudiv10.o)
    0x33d14d48   0x0000002c   Code   RO         1380    .text               c_t.l(rtudiv10.o)
    0x33d14d74   0x00000010   Code   RO         1387    .text               c_t.l(heapauxmm.o)
    0x33d14d84   0x00000004   Ven    RO         1405    .text               c_t.l(lludiv10.o)
    0x33d14d88   0x000000a0   Code   RO         1405    .text               c_t.l(lludiv10.o)
    0x33d14e28   0x0000041c   Code   RO         1407    .text               c_t.l(_printf_fp_dec.o)
    0x33d15244   0x00000008   Ven    RO         1413    .text               c_t.l(_printf_wchar.o)
    0x33d1524c   0x00000032   Code   RO         1413    .text               c_t.l(_printf_wchar.o)
    0x33d1527e   0x00000046   Code   RO         1415    .text               c_t.l(_wcrtomb.o)
    0x33d152c4   0x00000010   Code   RO         1419    .text               c_t.l(defsig_exit.o)
    0x33d152d4   0x00000054   Code   RO         1421    .text               c_t.l(defsig_rtmem_inner.o)
    0x33d15328   0x00000004   Ven    RO         1427    .text               c_t.l(rt_ctype_table.o)
    0x33d1532c   0x00000018   Code   RO         1427    .text               c_t.l(rt_ctype_table.o)
    0x33d15344   0x00000004   Ven    RO         1429    .text               c_t.l(rt_locale.o)
    0x33d15348   0x0000000c   Code   RO         1429    .text               c_t.l(rt_locale.o)
    0x33d15354   0x00000090   Code   RO         1438    .text               c_t.l(_printf_fp_infnan.o)
    0x33d153e4   0x000000d4   Code   RO         1440    .text               c_t.l(bigflt0.o)
    0x33d154b8   0x00000038   Code   RO         1470    .text               c_t.l(defsig_general.o)
    0x33d154f0   0x00000024   Code   RO         1230    .text_udiv          c_t.l(aeabi_sdiv.o)
    0x33d15514   0x00000004   Ven    RO         1443    CL$$btod_d2e        c_t.l(btod.o)
    0x33d15518   0x00000038   Code   RO         1443    CL$$btod_d2e        c_t.l(btod.o)
    0x33d15550   0x00000054   Code   RO         1445    CL$$btod_d2e_denorm_low  c_t.l(btod.o)
    0x33d155a4   0x00000068   Code   RO         1444    CL$$btod_d2e_norm_op1  c_t.l(btod.o)
    0x33d1560c   0x0000034c   Code   RO         1453    CL$$btod_div_common  c_t.l(btod.o)
    0x33d15958   0x000000dc   Code   RO         1450    CL$$btod_e2e        c_t.l(btod.o)
    0x33d15a34   0x00000004   Ven    RO         1447    CL$$btod_ediv       c_t.l(btod.o)
    0x33d15a38   0x00000034   Code   RO         1447    CL$$btod_ediv       c_t.l(btod.o)
    0x33d15a6c   0x00000004   Ven    RO         1446    CL$$btod_emul       c_t.l(btod.o)
    0x33d15a70   0x00000034   Code   RO         1446    CL$$btod_emul       c_t.l(btod.o)
    0x33d15aa4   0x00000268   Code   RO         1452    CL$$btod_mult_common  c_t.l(btod.o)
    0x33d15d0c   0x0000000c   Ven    RO         1543    Veneer$$Code        anon$$obj.o
    0x33d15d18   0x0000000c   Ven    RO         1544    Veneer$$Code        anon$$obj.o
    0x33d15d24   0x0000000c   Ven    RO         1545    Veneer$$Code        anon$$obj.o
    0x33d15d30   0x0000000c   Ven    RO         1546    Veneer$$Code        anon$$obj.o
    0x33d15d3c   0x0000000c   Ven    RO         1547    Veneer$$Code        anon$$obj.o
    0x33d15d48   0x00000008   Ven    RO         1548    Veneer$$Code        anon$$obj.o
    0x33d15d50   0x00000008   Ven    RO         1549    Veneer$$Code        anon$$obj.o
    0x33d15d58   0x00000008   Ven    RO         1550    Veneer$$Code        anon$$obj.o
    0x33d15d60   0x0000000c   Ven    RO         1551    Veneer$$Code        anon$$obj.o
    0x33d15d6c   0x00000002   Code   RO         1163    i.__ARM_common_call_via_r1  c_t.l(__printf.o)
    0x33d15d6e   0x00000002   Code   RO         1347    i.__ARM_common_call_via_r2  c_t.l(_printf_wctomb.o)
    0x33d15d70   0x00000002   Code   RO         1417    i.__ARM_common_call_via_r3  c_t.l(_wcrtomb.o)
    0x33d15d72   0x00000002   PAD
    0x33d15d74   0x00000004   Ven    RO         1494    i.__ARM_fpclassify  m_ts.l(fpclassify.o)
    0x33d15d78   0x00000030   Code   RO         1494    i.__ARM_fpclassify  m_ts.l(fpclassify.o)
    0x33d15da8   0x0000000e   Code   RO         1202    i._is_digit         c_t.l(__printf_wp.o)
    0x33d15db6   0x00000002   PAD
    0x33d15db8   0x00000050   Code   RO         1466    locale$$code        c_t.l(lc_numeric_c.o)
    0x33d15e08   0x00000050   Code   RO         1497    locale$$code        c_t.l(lc_ctype_c.o)
    0x33d15e58   0x00000004   Ven    RO         1491    x$fpl$ieeestatus    fz_ts.l(istatus.o)
    0x33d15e5c   0x00000008   Code   RO         1491    x$fpl$ieeestatus    fz_ts.l(istatus.o)
    0x33d15e64   0x00000004   Code   RO         1393    x$fpl$printf1       fz_ts.l(printf1.o)
    0x33d15e68   0x00000000   Code   RO         1493    x$fpl$usenofp       fz_ts.l(usenofp.o)
    0x33d15e68   0x00000400   Data   RO          254    .constdata          crc32.o
    0x33d16268   0x00000026   Data   RO          394    .constdata          board.o
    0x33d1628e   0x00000002   PAD
    0x33d16290   0x00000080   Data   RO          503    .constdata          interrupts_lib.o
    0x33d16310   0x00000024   Data   RO          601    .constdata          cmd_nvedit.o
    0x33d16334   0x00000028   Data   RO         1190    .constdata          c_t.l(_printf_hex_int_ll_ptr.o)
    0x33d1635c   0x00000011   Data   RO         1210    .constdata          c_t.l(__printf_flags_ss_wp.o)
    0x33d1636d   0x00000003   PAD
    0x33d16370   0x00000008   Data   RO         1344    .constdata          c_t.l(_printf_wctomb.o)
    0x33d16378   0x00000094   Data   RO         1441    .constdata          c_t.l(bigflt0.o)
    0x33d1640c   0x00000061   Data   RO          375    .conststring        zlib.o
    0x33d1646d   0x00000003   PAD
    0x33d16470   0x00000148   Data   RO          504    .conststring        interrupts_lib.o
    0x33d165b8   0x000000db   Data   RO          518    .conststring        cmd_bootm.o
    0x33d16693   0x00000001   PAD
    0x33d16694   0x00000007   Data   RO          602    .conststring        cmd_nvedit.o
    0x33d1669b   0x00000001   PAD
    0x33d1669c   0x00000055   Data   RO          649    .conststring        command.o
    0x33d166f1   0x00000003   PAD
    0x33d166f4   0x00000017   Data   RO          681    .conststring        devices.o
    0x33d1670b   0x00000001   PAD
    0x33d1670c   0x00000006   Data   RO          701    .conststring        env_flash.o
    0x33d16712   0x00000002   PAD
    0x33d16714   0x000002f6   Data   RO          759    .conststring        image.o
    0x33d16a0a   0x00000002   PAD
    0x33d16a0c   0x00000047   Data   RO          831    .conststring        cmd_flash.o
    0x33d16a53   0x00000001   PAD
    0x33d16a54   0x000002f7   Data   RO          519    .conststrlit        cmd_bootm.o
    0x33d16d4b   0x00000001   PAD
    0x33d16d4c   0x000000bc   Data   RO          565    .conststrlit        cmd_boot.o
    0x33d16e08   0x00000151   Data   RO          585    .conststrlit        cmd_net.o
    0x33d16f59   0x00000003   PAD
    0x33d16f5c   0x0000021b   Data   RO          603    .conststrlit        cmd_nvedit.o
    0x33d17177   0x00000001   PAD
    0x33d17178   0x00000208   Data   RO          650    .conststrlit        command.o
    0x33d17380   0x000004e3   Data   RO          832    .conststrlit        cmd_flash.o
    0x33d17863   0x00000001   PAD
    0x33d17864   0x00000064   Data   RO          849    .conststrlit        cmd_boot_zimage.o
    0x33d178c8   0x0000001c   Data   RO         1465    locale$$data        c_t.l(lc_numeric_c.o)
    0x33d178e4   0x00000110   Data   RO         1496    locale$$data        c_t.l(lc_ctype_c.o)


    Execution Region E_RW (Base: 0x33d179f4, Size: 0x00000830, Max: 0xffffffff, ABSOLUTE)

    Base Addr    Size         Type   Attr      Idx    E Section Name        Object

    0x33d179f4   0x0000000c   Data   RW          146    .data               s3c24x0_interrupts.o
    0x33d17a00   0x00000004   Data   RW          170    .data               s3c24x0_serial.o
    0x33d17a04   0x00000002   Data   RW          202    .data               boot_init.o
    0x33d17a06   0x00000100   Data   RW          271    .data               ctype.o
    0x33d17b06   0x00000002   PAD
    0x33d17b08   0x00000004   Data   RW          337    .data               string.o
    0x33d17b0c   0x000002b8   Data   RW          376    .data               zlib.o
    0x33d17dc4   0x0000003c   Data   RW          395    .data               board.o
    0x33d17e00   0x00000004   Data   RW          520    .data               cmd_bootm.o
    0x33d17e04   0x00000008   Data   RW          624    .data               console.o
    0x33d17e0c   0x00000010   Data   RW          682    .data               devices.o
    0x33d17e1c   0x0000000c   Data   RW          702    .data               env_flash.o
    0x33d17e28   0x0000011c   Data   RW          718    .data               env_common.o
    0x33d17f44   0x000001e0   Data   RW          760    .data               image.o
    0x33d18124   0x0000000d   Data   RW          813    .data               main.o
    0x33d18131   0x00000003   PAD
    0x33d18134   0x00000008   Data   RW          869    .data               bootp.o
    0x33d1813c   0x00000078   Data   RW          916    .data               net.o
    0x33d181b4   0x00000028   Data   RW          945    .data               tftp.o
    0x33d181dc   0x00000034   Data   RW          967    .data               nfs.o
    0x33d18210   0x00000004   Data   RW          981    .data               rarp.o
    0x33d18214   0x00000005   Data   RW         1000    .data               dm9000x.o
    0x33d18219   0x00000003   PAD
    0x33d1821c   0x00000008   Data   RW         1057    .data               retarget.o


    Execution Region E_UBOOT_CMD (Base: 0x33d18224, Size: 0x00000228, Max: 0xffffffff, ABSOLUTE)

    Base Addr    Size         Type   Attr      Idx    E Section Name        Object

    0x33d18224   0x00000078   Data   RW          521    .u_boot_cmd         cmd_bootm.o
    0x33d1829c   0x00000030   Data   RW          566    .u_boot_cmd         cmd_boot.o
    0x33d182cc   0x00000060   Data   RW          586    .u_boot_cmd         cmd_net.o
    0x33d1832c   0x00000060   Data   RW          604    .u_boot_cmd         cmd_nvedit.o
    0x33d1838c   0x00000060   Data   RW          651    .u_boot_cmd         command.o
    0x33d183ec   0x00000048   Data   RW          833    .u_boot_cmd         cmd_flash.o
    0x33d18434   0x00000018   Data   RW          850    .u_boot_cmd         cmd_boot_zimage.o


    Execution Region E_ZI (Base: 0x33d1844c, Size: 0x0000427c, Max: 0xffffffff, ABSOLUTE)

    Base Addr    Size         Type   Attr      Idx    E Section Name        Object

    0x33d1844c   0x0000006c   Zero   RW          239    .bss                tq2440_flash.o
    0x33d184b8   0x00001090   Zero   RW          374    .bss                zlib.o
    0x33d19548   0x00000050   Zero   RW          517    .bss                cmd_bootm.o
    0x33d19598   0x0000000c   Zero   RW          680    .bss                devices.o
    0x33d195a4   0x00000200   Zero   RW          812    .bss                main.o
    0x33d197a4   0x00002550   Zero   RW          915    .bss                net.o
    0x33d1bcf4   0x0000008d   Zero   RW          944    .bss                tftp.o
    0x33d1bd81   0x00000880   Zero   RW          966    .bss                nfs.o
    0x33d1c601   0x00000003   PAD
    0x33d1c604   0x000000ac   Zero   RW          999    .bss                dm9000x.o
    0x33d1c6b0   0x00000004   Zero   RW         1301    .bss                c_t.l(rt_heap_descriptor.o)
    0x33d1c6b4   0x00000014   Zero   RW         1430    .bss                c_t.l(rt_locale.o)


==============================================================================

Image component sizes


      Code (inc. data)   RO Data    RW Data    ZI Data      Debug   Object Name

      1068        168         38         60          0       4695   board.o
      1912         16          0          2          0       7700   boot_init.o
       420        108          0          0          0      11212   bootm.o
      2472        284          0          8          0      12759   bootp.o
         4          0          0          0          0        462   cache.o
       272         92        188         48          0       5213   cmd_boot.o
       760        228        100         24          0       4288   cmd_boot_zimage.o
      3552        792        978        124         80      24160   cmd_bootm.o
      4136        624       1322         72          0       7121   cmd_flash.o
      1212        208        337         96          0       2906   cmd_net.o
      2964        440        582         96          0       6647   cmd_nvedit.o
       920         48        605         96          0       3601   command.o
      1964        148          0          8          0       6506   console.o
       356          0          0          0          0      22084   cpu.o
       308          4       1024          0          0       3048   crc32.o
         0          0          0        256          0        601   ctype.o
       360         76         23         16         12       2917   devices.o
       700         80          0          0          0       2218   display_options.o
       264          0          0          0          0       1117   div64.o
      4252        656          0          5        172      12484   dm9000x.o
       536         68          0        284          0       2455   env_common.o
       464         72          6         12          0       2285   env_flash.o
        12          0          0          0          0        821   eth.o
       328         44          0          0          0        757   exports.o
      1312        316          0          0          0       2768   flash.o
       620        136          0          0          0       1478   gunzip.o
      3180        552        758        480          0      15040   image.o
      1012        348        456          0          0       2471   interrupts_lib.o
      1488          4          0          0          0       5306   lists.o
      2152         52          0          0          0       7007   lmb.o
      2956        284          0         13        512       6238   main.o
      6168        660          0        120       9552      15290   net.o
      5036        580          0         52       2176       8875   nfs.o
       580        116          0          4          0       1912   rarp.o
        44          0          0          8          0       2594   retarget.o
       728         20          0         12          0       9465   s3c24x0_interrupts.o
       576         12          0          4          0       9040   s3c24x0_serial.o
       748          8          0          0          0      15575   speed.o
       384        116          0          0          0        412   start.o
      1796          4          0          4          0       7502   string.o
      2764        600          0         40        141       6096   tftp.o
       608         52          0          0          0       8693   tq2440.o
      2324        324          0          0        108       4690   tq2440_flash.o
      2896         96          0          0          0       5315   vsprintf.o
     14816        524         97        696       4240      21457   zlib.o

    ----------------------------------------------------------------------
     81520       8984       6536       2648      16996     305281   Object Totals
        96         24          0          0          0          0   (incl. Generated)
         0          0         22          8          3          0   (incl. Padding)

    ----------------------------------------------------------------------

      Code (inc. data)   RO Data    RW Data    ZI Data      Debug   Library Member Name

        52          4          0          0          0         84   __2sprintf.o
         2          0          0          0          0         60   __printf.o
       412          6         17          0          0         92   __printf_flags_ss_wp.o
        14          0          0          0          0         60   __printf_wp.o
         8          0          0          0          0          0   _printf_a.o
         8          0          0          0          0          0   _printf_c.o
        58          0          0          0          0        112   _printf_char.o
        48          4          0          0          0         96   _printf_char_common.o
        46          0          0          0          0         60   _printf_charcount.o
         8          0          0          0          0          0   _printf_d.o
       120         18          0          0          0         88   _printf_dec.o
         8          0          0          0          0          0   _printf_e.o
         8          0          0          0          0          0   _printf_f.o
      1052         12          0          0          0        188   _printf_fp_dec.o
       144         16          0          0          0         88   _printf_fp_infnan.o
         8          0          0          0          0          0   _printf_g.o
       168          4         40          0          0        176   _printf_hex_int_ll_ptr.o
         8          0          0          0          0          0   _printf_i.o
       186          0          0          0          0         96   _printf_intcommon.o
        12          0          0          0          0          0   _printf_l.o
         8          0          0          0          0          0   _printf_lc.o
        12          0          0          0          0          0   _printf_ll.o
         8          0          0          0          0          0   _printf_lld.o
         8          0          0          0          0          0   _printf_lli.o
         8          0          0          0          0          0   _printf_llo.o
         8          0          0          0          0          0   _printf_llu.o
         8          0          0          0          0          0   _printf_llx.o
       124         18          0          0          0         88   _printf_longlong_dec.o
         8          0          0          0          0          0   _printf_ls.o
         8          0          0          0          0          0   _printf_n.o
         8          0          0          0          0          0   _printf_o.o
       128         10          0          0          0        136   _printf_oct_int_ll.o
         8          0          0          0          0          0   _printf_p.o
        86          0          0          0          0        116   _printf_pad.o
         4          0          0          0          0          0   _printf_percent.o
         8          0          0          0          0          0   _printf_percent_end.o
         8          0          0          0          0          0   _printf_s.o
        88          0          0          0          0         84   _printf_str.o
        44          0          0          0          0         76   _printf_truncate.o
         8          0          0          0          0          0   _printf_u.o
        58          0          0          0          0        112   _printf_wchar.o
       194          4          8          0          0        156   _printf_wctomb.o
         8          0          0          0          0          0   _printf_x.o
        10          0          0          0          0         60   _sputc.o
        72          0          0          0          0        148   _wcrtomb.o
       424          0          0          0          0        148   aeabi_sdiv.o
       212          6        148          0          0         96   bigflt0.o
      2040        128          0          0          0        692   btod.o
        48          4          0          0          0         80   c89vsprintf.o
        16          0          0          0          0         80   defsig_exit.o
        56          0          0          0          0         84   defsig_general.o
        84         58          0          0          0         80   defsig_rtmem_inner.o
        16          0          0          0          0         80   defsig_rtmem_outer.o
       118          0          0          0          0        116   h1_alloc.o
        56          0          0          0          0         80   h1_extend.o
        92          0          0          0          0        100   h1_free.o
        14          0          0          0          0         76   h1_init.o
       206          0          0          0          0        144   h1_realloc.o
        16          0          0          0          0         96   heapauxmm.o
         4          0          0          0          0        120   hguard.o
       156          0          0          0          0        192   init_alloc.o
        80          8        272          0          0         92   lc_ctype_c.o
        80          8         28          0          0         92   lc_numeric_c.o
         0          0          0          0          0          0   libinit2.o
       164          0          0          0          0         96   lludiv10.o
         0          0          0          0          0          0   maybetermalloc1.o
        28          4          0          0          0         84   rt_ctype_table.o
        16          4          0          0          4         68   rt_heap_descriptor.o
        16          4          0          0         20         68   rt_locale.o
        64          0          0          0          0         68   rt_memclr.o
        84          0          0          0          0         80   rt_memclr_w.o
       212          0          0          0          0         68   rt_memcpy.o
       104          0          0          0          0         80   rt_memcpy_w.o
       212          0          0          0          0         68   rt_memmove.o
       128          0          0          0          0         80   rt_memmove_w.o
        48          0          0          0          0         68   rtudiv10.o
         4          0          0          0          0         68   use_no_semi.o
        12          0          0          0          0         68   istatus.o
         4          0          0          0          0         68   printf1.o
         0          0          0          0          0          0   usenofp.o
        52          0          0          0          0         68   fpclassify.o

    ----------------------------------------------------------------------
      8184        320        516          0         24       5724   Library Totals
        16          0          3          0          0          0   (incl. Padding)

    ----------------------------------------------------------------------

      Code (inc. data)   RO Data    RW Data    ZI Data      Debug   Library Name

      8100        320        513          0         24       5520   c_t.l
        16          0          0          0          0        136   fz_ts.l
        52          0          0          0          0         68   m_ts.l

    ----------------------------------------------------------------------
      8184        320        516          0         24       5724   Library Totals

    ----------------------------------------------------------------------

==============================================================================


      Code (inc. data)   RO Data    RW Data    ZI Data      Debug   

     89704       9304       7052       2648      17020     304697   Grand Totals
     89704       9304       7052       2648      17020     304697   ELF Image Totals
     89704       9304       7052       2648          0          0   ROM Totals

==============================================================================

    Total RO  Size (Code + RO Data)                96756 (  94.49kB)
    Total RW  Size (RW Data + ZI Data)             19668 (  19.21kB)
    Total ROM Size (Code + RO Data + RW Data)      99404 (  97.07kB)

==============================================================================

